<html>
<body>
<pre>
<h1>µVision Build Log</h1>
<h2>Tool Versions:</h2>
IDE-Version: µVision V5.27.1.0
Copyright (C) 2019 ARM Ltd and ARM Germany GmbH. All rights reserved.
License Information: n/a n/a, n/a, LIC=21E4T-R3H0W-X7MRZ-JQLG6-2HWE0-4A8NT
 
Tool Versions:
Toolchain:       MDK-ARM Plus  Version: 5.27.1.0
Toolchain Path:  C:\Keil_v5\ARM\ARMCC\Bin
C Compiler:      Armcc.exe V5.06 update 6 (build 750)
Assembler:       Armasm.exe V5.06 update 6 (build 750)
Linker/Locator:  ArmLink.exe V5.06 update 6 (build 750)
Library Manager: ArmAr.exe V5.06 update 6 (build 750)
Hex Converter:   FromElf.exe V5.06 update 6 (build 750)
CPU DLL:         SARMCM3.DLL V5.27.1.0
Dialog DLL:      DCM.DLL V1.17.2.0
Target DLL:      STLink\ST-LINKIII-KEIL_SWO.dll V3.0.6.0
Dialog DLL:      TCM.DLL V1.36.1.0
 
<h2>Project:</h2>
C:\STM32\projects\EthernetOneWireThermometer\EthernetOneWireThermometer.uvprojx
Project File Date:  03/31/2026

<h2>Output:</h2>
*** Using Compiler 'V5.06 update 6 (build 750)', folder: 'C:\Keil_v5\ARM\ARMCC\Bin'
Build target 'Target 1'
compiling enc28j60_middleware.c...
User\ENC28J60\Middleware\src\enc28j60_middleware.c(303): warning:  #940-D: missing return statement at end of non-void function "enc28j60_read_buf" 
  }
User\ENC28J60\Middleware\src\enc28j60_middleware.c(407): warning:  #1215-D: #warning directive: TODO: MAC as a macros in separate config file or in function init parameter
  	#warning TODO: MAC as a macros in separate config file or in function init parameter
User\ENC28J60\Middleware\src\enc28j60_middleware.c: 2 warnings, 0 errors
linking...
Program Size: Code=3588 RO-data=436 RW-data=4 ZI-data=1636  
FromELF: creating hex file...
".\Objects\EthernetOneWireThermometer.axf" - 0 Error(s), 2 Warning(s).

<h2>Software Packages used:</h2>

Package Vendor: Keil
                https://www.keil.com/pack/Keil.STM32F1xx_DFP.2.4.1.pack
                Keil.STM32F1xx_DFP.2.4.1
                STMicroelectronics STM32F1 Series Device Support, Drivers and Examples

<h2>Collection of Component include folders:</h2>
  .\RTE\_Target_1
  D:\KeilPacks\Arm\Packs\Keil\STM32F1xx_DFP\2.4.1\Device\Include

<h2>Collection of Component Files used:</h2>
Build Time Elapsed:  00:00:01
</pre>
</body>
</html>
